// Jest Snapshot v1, https://goo.gl/fbAQLP

exports[`Main App App renders correctly 1`] = `ShallowWrapper {}`;
