// Jest Snapshot v1, https://goo.gl/fbAQLP

exports[`TopFive Index renders correctly 1`] = `ShallowWrapper {}`;
