// Jest Snapshot v1, https://goo.gl/fbAQLP

exports[`TopSongs TopSongs renders correctly 1`] = `ShallowWrapper {}`;
